12-23 11:24:57.122  7499  7516 W .apps.wellbeing: ApkAssets: Deleting an ApkAssets object '<empty> and /system_ext/priv-app/MultiDisplayProvider/MultiDisplayProvider.apk' with 1 weak references
12-23 11:24:57.122  7499  7516 W .apps.wellbeing: ApkAssets: Deleting an ApkAssets object '<empty> and /system/priv-app/DeviceDiagnostics/DeviceDiagnostics.apk' with 1 weak references
12-23 11:24:57.123  7499  7516 W .apps.wellbeing: ApkAssets: Deleting an ApkAssets object '/product/overlay/DeviceDiagnostics__sdk_gphone64_x86_64__auto_generated_rro_product.apk' with 1 weak references
12-23 11:24:57.123  7499  7516 W .apps.wellbeing: ApkAssets: Deleting an ApkAssets object '<empty> and /product/overlay/NotesRoleEnabled/NotesRoleEnabledOverlay.apk' with 1 weak references
12-23 11:24:57.123  7499  7516 W .apps.wellbeing: ApkAssets: Deleting an ApkAssets object '<empty> and /system/priv-app/LiveWallpapersPicker/LiveWallpapersPicker.apk' with 1 weak references
12-23 11:24:57.123  7499  7516 W .apps.wellbeing: ApkAssets: Deleting an ApkAssets object '<empty> and /product/app/PrebuiltGoogleAdservicesTvp/PrebuiltGoogleAdservicesTvp.apk' with 1 weak references
12-23 11:24:57.123  7499  7516 W .apps.wellbeing: ApkAssets: Deleting an ApkAssets object '<empty> and /apex/com.android.healthfitness/priv-app/HealthConnectControllerGoogle@350820300/HealthConnectControllerGoogle.apk' with 1 weak references
12-23 11:24:57.123  7499  7516 W .apps.wellbeing: ApkAssets: Deleting an ApkAssets object '<empty> and /data/app/~~h_oe-8hsqH6R-EFw3BdoNg==/ae.gov.dhamobile-LP1S8g2r0Ntr69ehlG7uLg==/base.apk' with 1 weak references
12-23 11:24:57.123  7499  7516 W .apps.wellbeing: ApkAssets: Deleting an ApkAssets object '<empty> and /product/priv-app/KidsSupervisionStub/KidsSupervisionStub.apk' with 1 weak references
12-23 11:24:57.124  7499  7516 W .apps.wellbeing: ApkAssets: Deleting an ApkAssets object '<empty> and /system_ext/priv-app/StorageManager/StorageManager.apk' with 1 weak references
12-23 11:24:57.124  7499  7516 W .apps.wellbeing: ApkAssets: Deleting an ApkAssets object '/product/overlay/StorageManager__sdk_gphone64_x86_64__auto_generated_rro_product.apk' with 1 weak references
12-23 11:24:57.124  7499  7516 W .apps.wellbeing: ApkAssets: Deleting an ApkAssets object '<empty> and /system/app/BookmarkProvider/BookmarkProvider.apk' with 1 weak references
12-23 11:24:57.124  7499  7516 W .apps.wellbeing: ApkAssets: Deleting an ApkAssets object '<empty> and /system_ext/priv-app/SettingsGoogle/SettingsGoogle.apk' with 1 weak references
12-23 11:24:57.125  7499  7516 W .apps.wellbeing: ApkAssets: Deleting an ApkAssets object '/product/overlay/SettingsGoogle__sdk_gphone64_x86_64__auto_generated_rro_product.apk' with 1 weak references
12-23 11:24:57.126  7499  7516 W .apps.wellbeing: ApkAssets: Deleting an ApkAssets object '<empty> and /product/priv-app/SettingsIntelligenceGooglePrebuilt/SettingsIntelligenceGooglePrebuilt.apk' with 1 weak references
12-23 11:24:57.127  7499  7516 W .apps.wellbeing: ApkAssets: Deleting an ApkAssets object '<empty> and /apex/com.android.uwb/priv-app/ServiceUwbResourcesGoogle@350820300/ServiceUwbResourcesGoogle.apk' with 1 weak references
12-23 11:24:57.127  7499  7516 W .apps.wellbeing: ApkAssets: Deleting an ApkAssets object '<empty> and /apex/com.android.wifi/priv-app/ServiceWifiResourcesGoogle@350820300/ServiceWifiResourcesGoogle.apk' with 1 weak references
12-23 11:24:57.130  7499  7516 W .apps.wellbeing: ApkAssets: Deleting an ApkAssets object '<empty> and /system_ext/priv-app/ThemePicker/ThemePicker.apk' with 1 weak references
12-23 11:24:57.130  7499  7516 W .apps.wellbeing: ApkAssets: Deleting an ApkAssets object '<empty> and /system_ext/priv-app/WallpaperPickerGoogleRelease/WallpaperPickerGoogleRelease.apk' with 1 weak references
12-23 11:24:57.131  7499  7516 W .apps.wellbeing: ApkAssets: Deleting an ApkAssets object '<empty> and /product/priv-app/OdadPrebuilt/OdadPrebuilt.apk' with 1 weak references
12-23 11:24:57.131  7499  7516 W .apps.wellbeing: ApkAssets: Deleting an ApkAssets object '<empty> and /system/priv-app/TeleService/TeleService.apk' with 1 weak references
12-23 11:24:57.131  7499  7516 W .apps.wellbeing: ApkAssets: Deleting an ApkAssets object '/vendor/overlay/TeleService__sdk_gphone64_x86_64__auto_generated_rro_vendor.apk' with 1 weak references
12-23 11:24:57.131  7499  7516 W .apps.wellbeing: ApkAssets: Deleting an ApkAssets object '/product/overlay/TeleService__sdk_gphone64_x86_64__auto_generated_rro_product.apk' with 1 weak references
12-23 11:24:57.131  7499  7516 W .apps.wellbeing: ApkAssets: Deleting an ApkAssets object '<empty> and /system/priv-app/Shell/Shell.apk' with 1 weak references
12-23 11:24:57.131  7499  7516 W .apps.wellbeing: ApkAssets: Deleting an ApkAssets object '<empty> and /system/priv-app/BlockedNumberProvider/BlockedNumberProvider.apk' with 1 weak references
12-23 11:24:57.131  7499  7516 W .apps.wellbeing: ApkAssets: Deleting an ApkAssets object '<empty> and /system/priv-app/UserDictionaryProvider/UserDictionaryProvider.apk' with 1 weak references
12-23 11:24:57.208  1076  1076 W Choreographer: Frame time is 0.47801 ms in the future!  Check that graphics HAL is generating vsync timestamps using the correct timebase.
12-23 11:24:57.273  1076  1249 D EGL_emulation: app_time_stats: avg=153.93ms min=2.82ms max=1488.71ms count=10
12-23 11:24:57.942   726  1852 V GrammaticalInflectionUtils: AttributionSource: android.content.AttributionSource@f982f103 does not have READ_SYSTEM_GRAMMATICAL_GENDER permission.
12-23 11:24:57.961   462   462 I BpBinder: onLastStrongRef automatically unlinking death recipients:
12-23 11:24:57.965   726   794 V GrammaticalInflectionUtils: AttributionSource: android.content.AttributionSource@f982f103 does not have READ_SYSTEM_GRAMMATICAL_GENDER permission.
12-23 11:24:57.968  1354  1354 I TopTaskTracker: onTaskMovedToFront: (moved taskInfo to front) taskId=116, baseIntent=Intent { act=android.intent.action.MAIN cat=[android.intent.category.LAUNCHER] flg=0x10000000 cmp=com.example.calcapp.test/androidx.test.core.app.InstrumentationActivityInvoker$EmptyActivity }
12-23 11:24:57.976  8826  8826 D LifecycleMonitor: Lifecycle status change: com.example.calcapp.ui.MainActivity@44071d2 in: PAUSED
12-23 11:24:57.976  8826  8826 V ActivityScenario: Update currentActivityStage to PAUSED, currentActivity=com.example.calcapp.ui.MainActivity@44071d2
12-23 11:24:58.020   390   390 D Zygote  : Forked child process 8854
12-23 11:24:58.091  8826  8842 D EGL_emulation: app_time_stats: avg=21.15ms min=1.84ms max=332.12ms count=58
12-23 11:24:58.106  8854  8854 I le.calcapp.test: Late-enabling -Xcheck:jni
12-23 11:24:58.150   414   414 I RanchuHwc: logCompositionFallbackIfChanged: layer 47 CompositionType fallback from 3 to 1
12-23 11:24:58.275  1076  1249 D EGL_emulation: app_time_stats: avg=44.07ms min=3.26ms max=700.90ms count=18
12-23 11:24:58.527  8854  8854 I le.calcapp.test: Using CollectorTypeCMC GC.
12-23 11:24:58.540  8854  8854 W le.calcapp.test: Unexpected CPU variant for x86: x86_64.
12-23 11:24:58.540  8854  8854 W le.calcapp.test: Known variants: atom, sandybridge, silvermont, goldmont, goldmont-plus, goldmont-without-sha-xsaves, tremont, kabylake, default
12-23 11:24:58.558   469   482 I adbd    : jdwp connection from 8854
12-23 11:24:58.639  8826  8826 D VRI[MainActivity]: visibilityChanged oldVisibility=true newVisibility=false
12-23 11:24:58.682  8854  8854 D nativeloader: Load libframework-connectivity-tiramisu-jni.so using APEX ns com_android_tethering for caller /apex/com.android.tethering/javalib/framework-connectivity-t.jar: ok
12-23 11:24:58.747  8854  8854 D CompatChangeReporter: Compat change id reported: 242716250; UID 10215; state: ENABLED
12-23 11:24:58.783  8854  8854 D ApplicationLoaders: Returning zygote-cached class loader: /system/framework/android.test.base.jar
12-23 11:24:58.816  8854  8854 D nativeloader: Configuring clns-7 for other apk /system/framework/android.test.mock.jar. target_sdk_version=34, uses_libraries=ALL, library_path=/data/app/~~-JMuTnsnfOAu0IBLgW78hw==/com.example.calcapp.test-clghp9qcNddEOdCeWszjDA==/lib/x86_64, permitted_path=/data:/mnt/expand:/data/user/0/com.example.calcapp.test
12-23 11:24:58.821  8854  8854 D ApplicationLoaders: Returning zygote-cached class loader: /system/framework/android.test.base.jar
12-23 11:24:58.827  8854  8854 D nativeloader: Configuring clns-8 for other apk /system/framework/android.test.runner.jar. target_sdk_version=34, uses_libraries=ALL, library_path=/data/app/~~-JMuTnsnfOAu0IBLgW78hw==/com.example.calcapp.test-clghp9qcNddEOdCeWszjDA==/lib/x86_64, permitted_path=/data:/mnt/expand:/data/user/0/com.example.calcapp.test
12-23 11:24:58.829  8854  8854 W ziparchive: Unable to open '/data/app/~~-JMuTnsnfOAu0IBLgW78hw==/com.example.calcapp.test-clghp9qcNddEOdCeWszjDA==/base.dm': No such file or directory
12-23 11:24:58.829  8854  8854 W ziparchive: Unable to open '/data/app/~~-JMuTnsnfOAu0IBLgW78hw==/com.example.calcapp.test-clghp9qcNddEOdCeWszjDA==/base.dm': No such file or directory
12-23 11:24:59.067  8854  8854 D nativeloader: Configuring clns-9 for other apk /data/app/~~-JMuTnsnfOAu0IBLgW78hw==/com.example.calcapp.test-clghp9qcNddEOdCeWszjDA==/base.apk. target_sdk_version=34, uses_libraries=, library_path=/data/app/~~-JMuTnsnfOAu0IBLgW78hw==/com.example.calcapp.test-clghp9qcNddEOdCeWszjDA==/lib/x86_64, permitted_path=/data:/mnt/expand:/data/user/0/com.example.calcapp.test
12-23 11:24:59.099  8854  8854 V GraphicsEnvironment: Currently set values for:
12-23 11:24:59.099  8854  8854 V GraphicsEnvironment:   angle_gl_driver_selection_pkgs=[]
12-23 11:24:59.099  8854  8854 V GraphicsEnvironment:   angle_gl_driver_selection_values=[]
12-23 11:24:59.099  8854  8854 V GraphicsEnvironment: Global.Settings values are invalid: number of packages: 0, number of values: 0
12-23 11:24:59.100  8854  8854 V GraphicsEnvironment: Neither updatable production driver nor prerelease driver is supported.
12-23 11:24:59.272  8826  8826 D LifecycleMonitor: Lifecycle status change: com.example.calcapp.ui.MainActivity@44071d2 in: STOPPED
12-23 11:24:59.273  8826  8826 V ActivityScenario: Update currentActivityStage to STOPPED, currentActivity=com.example.calcapp.ui.MainActivity@44071d2
12-23 11:24:59.276  8854  8854 W HWUI    : Unknown dataspace 0
12-23 11:24:59.275   726   795 W Choreographer: Frame time is 0.142391 ms in the future!  Check that graphics HAL is generating vsync timestamps using the correct timebase.
12-23 11:24:59.308  1354  1354 I TopTaskTracker: onTaskMovedToFront: (moved taskInfo to front) taskId=105, baseIntent=Intent { act=android.intent.action.MAIN cat=[android.intent.category.HOME] flg=0x10000100 cmp=com.google.android.apps.nexuslauncher/.NexusLauncherActivity }
12-23 11:24:59.311   462   462 I BpBinder: onLastStrongRef automatically unlinking death recipients:
12-23 11:24:59.322   462   472 W ServiceManagerCppClient: Permission failure: android.permission.ACCESS_SURFACE_FLINGER from uid=10215 pid=0
12-23 11:24:59.322   462   472 D PermissionCache: checking android.permission.ACCESS_SURFACE_FLINGER for uid=10215 => denied (326 us)
12-23 11:24:59.323   462   472 W ServiceManagerCppClient: Permission failure: android.permission.ROTATE_SURFACE_FLINGER from uid=10215 pid=0
12-23 11:24:59.323   462   472 D PermissionCache: checking android.permission.ROTATE_SURFACE_FLINGER for uid=10215 => denied (517 us)
12-23 11:24:59.324   462   472 W ServiceManagerCppClient: Permission failure: android.permission.INTERNAL_SYSTEM_WINDOW from uid=10215 pid=0
12-23 11:24:59.324   462   472 D PermissionCache: checking android.permission.INTERNAL_SYSTEM_WINDOW for uid=10215 => denied (1095 us)
12-23 11:24:59.325   462   535 W ServiceManagerCppClient: Permission failure: android.permission.ROTATE_SURFACE_FLINGER from uid=10215 pid=8854
12-23 11:24:59.325   462   535 D PermissionCache: checking android.permission.ROTATE_SURFACE_FLINGER for uid=10215 => denied (1630 us)
12-23 11:24:59.332  8854  8868 I EGL_emulation: Opening libGLESv1_CM_emulation.so
12-23 11:24:59.337  8854  8868 I EGL_emulation: Opening libGLESv2_emulation.so
12-23 11:24:59.374  8826  8826 D LifecycleMonitor: Lifecycle status change: com.example.calcapp.ui.MainActivity@44071d2 in: DESTROYED
12-23 11:24:59.375  8826  8826 V ActivityScenario: Update currentActivityStage to DESTROYED, currentActivity=null
12-23 11:24:59.377  8826  8826 W WindowOnBackDispatcher: sendCancelIfRunning: isInProgress=false callback=android.view.ViewRootImpl$$ExternalSyntheticLambda11@d9ae0af
12-23 11:24:59.388   726  2112 W InputManager-JNI: Input channel object '92d006a com.example.calcapp/com.example.calcapp.ui.MainActivity (client)' was disposed without first being removed with the input manager!
12-23 11:24:59.405  8854  8868 W HWUI    : Failed to choose config with EGL_SWAP_BEHAVIOR_PRESERVED, retrying without...
12-23 11:24:59.405  8854  8868 W HWUI    : Failed to initialize 101010-2 format, error = EGL_SUCCESS
12-23 11:24:59.406  1354  1354 I TopTaskTracker: onTaskRemoved: taskId=115
12-23 11:24:59.406  1354  1354 I TopTaskTracker: onTaskRemoved: taskId=115
12-23 11:24:59.409  8826  8840 D IdlingRegistry: Unregistering idling resources: [androidx.compose.ui.test.junit4.EspressoLink@64e2017]
12-23 11:24:59.410  8826  8840 I TestRunner: finished: basic_addition_flow_displays_correct_result(com.example.calcapp.ui.CalculatorUiTest)
